// Jest Snapshot v1, https://goo.gl/fbAQLP

exports[`Scoreboard Scoreboard renders correctly 1`] = `
ShallowWrapper {
  "length": 1,
  Symbol(enzyme.__root__): [Circular],
  Symbol(enzyme.__unrendered__): <Scoreboard
    gameOn={false}
  />,
  Symbol(enzyme.__renderer__): Object {
    "batchedUpdates": [Function],
    "getNode": [Function],
    "render": [Function],
    "simulateEvent": [Function],
    "unmount": [Function],
  },
  Symbol(enzyme.__node__): Object {
    "instance": null,
    "key": undefined,
    "nodeType": "host",
    "props": Object {
      "children": Array [
        <Header
          size="small"
        >
          Top three players
        </Header>,
        <Table
          as="table"
          celled={true}
        >
          <TableHeader
            as="thead"
          >
            <TableRow
              as="tr"
              cellAs="td"
            >
              <TableHeaderCell
                as="th"
              >
                Player
              </TableHeaderCell>
              <TableHeaderCell
                as="th"
              >
                Score
              </TableHeaderCell>
            </TableRow>
          </TableHeader>
          <TableBody
            as="tbody"
          />
        </Table>,
      ],
    },
    "ref": null,
    "rendered": Array [
      Object {
        "instance": null,
        "key": undefined,
        "nodeType": "function",
        "props": Object {
          "children": "Top three players",
          "size": "small",
        },
        "ref": null,
        "rendered": "Top three players",
        "type": [Function],
      },
      Object {
        "instance": null,
        "key": undefined,
        "nodeType": "function",
        "props": Object {
          "as": "table",
          "celled": true,
          "children": Array [
            <TableHeader
              as="thead"
            >
              <TableRow
                as="tr"
                cellAs="td"
              >
                <TableHeaderCell
                  as="th"
                >
                  Player
                </TableHeaderCell>
                <TableHeaderCell
                  as="th"
                >
                  Score
                </TableHeaderCell>
              </TableRow>
            </TableHeader>,
            <TableBody
              as="tbody"
            />,
          ],
        },
        "ref": null,
        "rendered": Array [
          Object {
            "instance": null,
            "key": undefined,
            "nodeType": "function",
            "props": Object {
              "as": "thead",
              "children": <TableRow
                as="tr"
                cellAs="td"
              >
                <TableHeaderCell
                  as="th"
                >
                  Player
                </TableHeaderCell>
                <TableHeaderCell
                  as="th"
                >
                  Score
                </TableHeaderCell>
              </TableRow>,
            },
            "ref": null,
            "rendered": Object {
              "instance": null,
              "key": undefined,
              "nodeType": "function",
              "props": Object {
                "as": "tr",
                "cellAs": "td",
                "children": Array [
                  <TableHeaderCell
                    as="th"
                  >
                    Player
                  </TableHeaderCell>,
                  <TableHeaderCell
                    as="th"
                  >
                    Score
                  </TableHeaderCell>,
                ],
              },
              "ref": null,
              "rendered": Array [
                Object {
                  "instance": null,
                  "key": undefined,
                  "nodeType": "function",
                  "props": Object {
                    "as": "th",
                    "children": "Player",
                  },
                  "ref": null,
                  "rendered": "Player",
                  "type": [Function],
                },
                Object {
                  "instance": null,
                  "key": undefined,
                  "nodeType": "function",
                  "props": Object {
                    "as": "th",
                    "children": "Score",
                  },
                  "ref": null,
                  "rendered": "Score",
                  "type": [Function],
                },
              ],
              "type": [Function],
            },
            "type": [Function],
          },
          Object {
            "instance": null,
            "key": undefined,
            "nodeType": "function",
            "props": Object {
              "as": "tbody",
              "children": Array [],
            },
            "ref": null,
            "rendered": Array [],
            "type": [Function],
          },
        ],
        "type": [Function],
      },
    ],
    "type": "div",
  },
  Symbol(enzyme.__nodes__): Array [
    Object {
      "instance": null,
      "key": undefined,
      "nodeType": "host",
      "props": Object {
        "children": Array [
          <Header
            size="small"
          >
            Top three players
          </Header>,
          <Table
            as="table"
            celled={true}
          >
            <TableHeader
              as="thead"
            >
              <TableRow
                as="tr"
                cellAs="td"
              >
                <TableHeaderCell
                  as="th"
                >
                  Player
                </TableHeaderCell>
                <TableHeaderCell
                  as="th"
                >
                  Score
                </TableHeaderCell>
              </TableRow>
            </TableHeader>
            <TableBody
              as="tbody"
            />
          </Table>,
        ],
      },
      "ref": null,
      "rendered": Array [
        Object {
          "instance": null,
          "key": undefined,
          "nodeType": "function",
          "props": Object {
            "children": "Top three players",
            "size": "small",
          },
          "ref": null,
          "rendered": "Top three players",
          "type": [Function],
        },
        Object {
          "instance": null,
          "key": undefined,
          "nodeType": "function",
          "props": Object {
            "as": "table",
            "celled": true,
            "children": Array [
              <TableHeader
                as="thead"
              >
                <TableRow
                  as="tr"
                  cellAs="td"
                >
                  <TableHeaderCell
                    as="th"
                  >
                    Player
                  </TableHeaderCell>
                  <TableHeaderCell
                    as="th"
                  >
                    Score
                  </TableHeaderCell>
                </TableRow>
              </TableHeader>,
              <TableBody
                as="tbody"
              />,
            ],
          },
          "ref": null,
          "rendered": Array [
            Object {
              "instance": null,
              "key": undefined,
              "nodeType": "function",
              "props": Object {
                "as": "thead",
                "children": <TableRow
                  as="tr"
                  cellAs="td"
                >
                  <TableHeaderCell
                    as="th"
                  >
                    Player
                  </TableHeaderCell>
                  <TableHeaderCell
                    as="th"
                  >
                    Score
                  </TableHeaderCell>
                </TableRow>,
              },
              "ref": null,
              "rendered": Object {
                "instance": null,
                "key": undefined,
                "nodeType": "function",
                "props": Object {
                  "as": "tr",
                  "cellAs": "td",
                  "children": Array [
                    <TableHeaderCell
                      as="th"
                    >
                      Player
                    </TableHeaderCell>,
                    <TableHeaderCell
                      as="th"
                    >
                      Score
                    </TableHeaderCell>,
                  ],
                },
                "ref": null,
                "rendered": Array [
                  Object {
                    "instance": null,
                    "key": undefined,
                    "nodeType": "function",
                    "props": Object {
                      "as": "th",
                      "children": "Player",
                    },
                    "ref": null,
                    "rendered": "Player",
                    "type": [Function],
                  },
                  Object {
                    "instance": null,
                    "key": undefined,
                    "nodeType": "function",
                    "props": Object {
                      "as": "th",
                      "children": "Score",
                    },
                    "ref": null,
                    "rendered": "Score",
                    "type": [Function],
                  },
                ],
                "type": [Function],
              },
              "type": [Function],
            },
            Object {
              "instance": null,
              "key": undefined,
              "nodeType": "function",
              "props": Object {
                "as": "tbody",
                "children": Array [],
              },
              "ref": null,
              "rendered": Array [],
              "type": [Function],
            },
          ],
          "type": [Function],
        },
      ],
      "type": "div",
    },
  ],
  Symbol(enzyme.__options__): Object {
    "adapter": ReactSixteenAdapter {
      "options": Object {
        "enableComponentDidUpdateOnSetState": true,
      },
    },
  },
}
`;
