// Jest Snapshot v1, https://goo.gl/fbAQLP

exports[`Square renders correctly 1`] = `
ShallowWrapper {
  "length": 1,
  Symbol(enzyme.__root__): [Circular],
  Symbol(enzyme.__unrendered__): <Square
    activePlayer="playerX"
    clickMethod={[Function]}
    gameId={10}
    index={0}
    toggleActivePlayer={[Function]}
    value="X"
    winner={false}
  />,
  Symbol(enzyme.__renderer__): Object {
    "batchedUpdates": [Function],
    "getNode": [Function],
    "render": [Function],
    "simulateEvent": [Function],
    "unmount": [Function],
  },
  Symbol(enzyme.__node__): Object {
    "instance": null,
    "key": undefined,
    "nodeType": "host",
    "props": Object {
      "children": Array [
        <Icon
          as="i"
          color="red"
          name="remove"
          size="huge"
        />,
        <Portal
          closeOnDocumentClick={true}
          closeOnEscape={true}
          eventPool="default"
          onClose={[Function]}
          open={false}
          openOnTriggerClick={true}
        >
          <Segment
            style={
              Object {
                "left": "35%",
                "position": "fixed",
                "top": "40%",
                "zIndex": 1000,
              }
            }
          >
            <Header>
              <Icon
                as="i"
                name="ban"
                style={
                  Object {
                    "color": "red",
                  }
                }
              />
              Square occupied - please pick another square.
            </Header>
          </Segment>
        </Portal>,
      ],
      "className": "square",
      "onClick": [Function],
      "role": "presentation",
    },
    "ref": null,
    "rendered": Array [
      Object {
        "instance": null,
        "key": undefined,
        "nodeType": "class",
        "props": Object {
          "as": "i",
          "color": "red",
          "name": "remove",
          "size": "huge",
        },
        "ref": null,
        "rendered": null,
        "type": [Function],
      },
      Object {
        "instance": null,
        "key": undefined,
        "nodeType": "class",
        "props": Object {
          "children": <Segment
            style={
              Object {
                "left": "35%",
                "position": "fixed",
                "top": "40%",
                "zIndex": 1000,
              }
            }
          >
            <Header>
              <Icon
                as="i"
                name="ban"
                style={
                  Object {
                    "color": "red",
                  }
                }
              />
              Square occupied - please pick another square.
            </Header>
          </Segment>,
          "closeOnDocumentClick": true,
          "closeOnEscape": true,
          "eventPool": "default",
          "onClose": [Function],
          "open": false,
          "openOnTriggerClick": true,
        },
        "ref": null,
        "rendered": Object {
          "instance": null,
          "key": undefined,
          "nodeType": "function",
          "props": Object {
            "children": <Header>
              <Icon
                as="i"
                name="ban"
                style={
                  Object {
                    "color": "red",
                  }
                }
              />
              Square occupied - please pick another square.
            </Header>,
            "style": Object {
              "left": "35%",
              "position": "fixed",
              "top": "40%",
              "zIndex": 1000,
            },
          },
          "ref": null,
          "rendered": Object {
            "instance": null,
            "key": undefined,
            "nodeType": "function",
            "props": Object {
              "children": Array [
                <Icon
                  as="i"
                  name="ban"
                  style={
                    Object {
                      "color": "red",
                    }
                  }
                />,
                "Square occupied - please pick another square.",
              ],
            },
            "ref": null,
            "rendered": Array [
              Object {
                "instance": null,
                "key": undefined,
                "nodeType": "class",
                "props": Object {
                  "as": "i",
                  "name": "ban",
                  "style": Object {
                    "color": "red",
                  },
                },
                "ref": null,
                "rendered": null,
                "type": [Function],
              },
              "Square occupied - please pick another square.",
            ],
            "type": [Function],
          },
          "type": [Function],
        },
        "type": [Function],
      },
    ],
    "type": "div",
  },
  Symbol(enzyme.__nodes__): Array [
    Object {
      "instance": null,
      "key": undefined,
      "nodeType": "host",
      "props": Object {
        "children": Array [
          <Icon
            as="i"
            color="red"
            name="remove"
            size="huge"
          />,
          <Portal
            closeOnDocumentClick={true}
            closeOnEscape={true}
            eventPool="default"
            onClose={[Function]}
            open={false}
            openOnTriggerClick={true}
          >
            <Segment
              style={
                Object {
                  "left": "35%",
                  "position": "fixed",
                  "top": "40%",
                  "zIndex": 1000,
                }
              }
            >
              <Header>
                <Icon
                  as="i"
                  name="ban"
                  style={
                    Object {
                      "color": "red",
                    }
                  }
                />
                Square occupied - please pick another square.
              </Header>
            </Segment>
          </Portal>,
        ],
        "className": "square",
        "onClick": [Function],
        "role": "presentation",
      },
      "ref": null,
      "rendered": Array [
        Object {
          "instance": null,
          "key": undefined,
          "nodeType": "class",
          "props": Object {
            "as": "i",
            "color": "red",
            "name": "remove",
            "size": "huge",
          },
          "ref": null,
          "rendered": null,
          "type": [Function],
        },
        Object {
          "instance": null,
          "key": undefined,
          "nodeType": "class",
          "props": Object {
            "children": <Segment
              style={
                Object {
                  "left": "35%",
                  "position": "fixed",
                  "top": "40%",
                  "zIndex": 1000,
                }
              }
            >
              <Header>
                <Icon
                  as="i"
                  name="ban"
                  style={
                    Object {
                      "color": "red",
                    }
                  }
                />
                Square occupied - please pick another square.
              </Header>
            </Segment>,
            "closeOnDocumentClick": true,
            "closeOnEscape": true,
            "eventPool": "default",
            "onClose": [Function],
            "open": false,
            "openOnTriggerClick": true,
          },
          "ref": null,
          "rendered": Object {
            "instance": null,
            "key": undefined,
            "nodeType": "function",
            "props": Object {
              "children": <Header>
                <Icon
                  as="i"
                  name="ban"
                  style={
                    Object {
                      "color": "red",
                    }
                  }
                />
                Square occupied - please pick another square.
              </Header>,
              "style": Object {
                "left": "35%",
                "position": "fixed",
                "top": "40%",
                "zIndex": 1000,
              },
            },
            "ref": null,
            "rendered": Object {
              "instance": null,
              "key": undefined,
              "nodeType": "function",
              "props": Object {
                "children": Array [
                  <Icon
                    as="i"
                    name="ban"
                    style={
                      Object {
                        "color": "red",
                      }
                    }
                  />,
                  "Square occupied - please pick another square.",
                ],
              },
              "ref": null,
              "rendered": Array [
                Object {
                  "instance": null,
                  "key": undefined,
                  "nodeType": "class",
                  "props": Object {
                    "as": "i",
                    "name": "ban",
                    "style": Object {
                      "color": "red",
                    },
                  },
                  "ref": null,
                  "rendered": null,
                  "type": [Function],
                },
                "Square occupied - please pick another square.",
              ],
              "type": [Function],
            },
            "type": [Function],
          },
          "type": [Function],
        },
      ],
      "type": "div",
    },
  ],
  Symbol(enzyme.__options__): Object {
    "adapter": ReactSixteenAdapter {
      "options": Object {
        "enableComponentDidUpdateOnSetState": true,
      },
    },
  },
}
`;
